23:25:42 **** Incremental Build of configuration Debug for project SixChannelPWM ****
make -j20 all 
arm-none-eabi-gcc "../Core/Src/main.c" -mcpu=cortex-m3 -std=gnu11 -g3 -DDEBUG -DUSE_HAL_DRIVER -DSTM32F103xB -c -I../Core/Inc -I../Drivers/STM32F1xx_HAL_Driver/Inc -I../Drivers/STM32F1xx_HAL_Driver/Inc/Legacy -I../Drivers/CMSIS/Device/ST/STM32F1xx/Include -I../Drivers/CMSIS/Include -O0 -ffunction-sections -fdata-sections -Wall -fstack-usage -fcyclomatic-complexity -MMD -MP -MF"Core/Src/main.d" -MT"Core/Src/main.o" --specs=nano.specs -mfloat-abi=soft -mthumb -o "Core/Src/main.o"
arm-none-eabi-g++ -o "SixChannelPWM.elf" @"objects.list"   -mcpu=cortex-m3 -T"D:\Aria\STM32\SixChannelPWM\STM32F103RBTX_FLASH.ld" --specs=nosys.specs -Wl,-Map="SixChannelPWM.map" -Wl,--gc-sections -static --specs=nano.specs -mfloat-abi=soft -mthumb -Wl,--start-group -lc -lm -lstdc++ -lsupc++ -Wl,--end-group
Finished building target: SixChannelPWM.elf
 
arm-none-eabi-size  SixChannelPWM.elf 
arm-none-eabi-objdump -h -S SixChannelPWM.elf  > "SixChannelPWM.list"
   text	   data	    bss	    dec	    hex	filename
  16472	     92	   2188	  18752	   4940	SixChannelPWM.elf
Finished building: default.size.stdout
 
Finished building: SixChannelPWM.list
 
23:40:23 **** Incremental Build of configuration Debug for project SixChannelPWM ****
make -j20 all 
arm-none-eabi-gcc "../Core/Src/main.c" -mcpu=cortex-m3 -std=gnu11 -g3 -DDEBUG -DUSE_HAL_DRIVER -DSTM32F103xB -c -I../Core/Inc -I../Drivers/STM32F1xx_HAL_Driver/Inc -I../Drivers/STM32F1xx_HAL_Driver/Inc/Legacy -I../Drivers/CMSIS/Device/ST/STM32F1xx/Include -I../Drivers/CMSIS/Include -O0 -ffunction-sections -fdata-sections -Wall -fstack-usage -fcyclomatic-complexity -MMD -MP -MF"Core/Src/main.d" -MT"Core/Src/main.o" --specs=nano.specs -mfloat-abi=soft -mthumb -o "Core/Src/main.o"
arm-none-eabi-g++ -o "SixChannelPWM.elf" @"objects.list"   -mcpu=cortex-m3 -T"D:\Aria\STM32\SixChannelPWM\STM32F103RBTX_FLASH.ld" --specs=nosys.specs -Wl,-Map="SixChannelPWM.map" -Wl,--gc-sections -static --specs=nano.specs -mfloat-abi=soft -mthumb -Wl,--start-group -lc -lm -lstdc++ -lsupc++ -Wl,--end-group
Finished building target: SixChannelPWM.elf
 
arm-none-eabi-size  SixChannelPWM.elf 
arm-none-eabi-objdump -h -S SixChannelPWM.elf  > "SixChannelPWM.list"
   text	   data	    bss	    dec	    hex	filename
  16468	     92	   2188	  18748	   493c	SixChannelPWM.elf
Finished building: default.size.stdout
 
Finished building: SixChannelPWM.list
 
23:47:30 **** Incremental Build of configuration Debug for project ADC_Read ****
make -j20 all 
arm-none-eabi-gcc "../Core/Src/main.c" -mcpu=cortex-m3 -std=gnu11 -g3 -DDEBUG -DUSE_HAL_DRIVER -DSTM32F103xB -c -I../Core/Inc -I../Drivers/STM32F1xx_HAL_Driver/Inc -I../Drivers/STM32F1xx_HAL_Driver/Inc/Legacy -I../Drivers/CMSIS/Device/ST/STM32F1xx/Include -I../Drivers/CMSIS/Include -O0 -ffunction-sections -fdata-sections -Wall -fstack-usage -fcyclomatic-complexity -MMD -MP -MF"Core/Src/main.d" -MT"Core/Src/main.o" --specs=nano.specs -mfloat-abi=soft -mthumb -o "Core/Src/main.o"
arm-none-eabi-g++ -o "ADC_Read.elf" @"objects.list"   -mcpu=cortex-m3 -T"D:\Aria\STM32\ADC_Read\STM32F103RBTX_FLASH.ld" --specs=nosys.specs -Wl,-Map="ADC_Read.map" -Wl,--gc-sections -static --specs=nano.specs -mfloat-abi=soft -mthumb -Wl,--start-group -lc -lm -lstdc++ -lsupc++ -Wl,--end-group
Finished building target: ADC_Read.elf
 
arm-none-eabi-size  ADC_Read.elf 
arm-none-eabi-objdump -h -S ADC_Read.elf  > "ADC_Read.list"
   text	   data	    bss	    dec	    hex	filename
  12044	     92	   2044	  14180	   3764	ADC_Read.elf
Finished building: default.size.stdout
 
Finished building: ADC_Read.list
 
23:47:31 **** Incremental Build of configuration Debug for project Blink ****
make -j20 all 
arm-none-eabi-size  Blink.elf 
   text	   data	    bss	    dec	    hex	filename
   5648	     12	   1644	   7304	   1c88	Blink.elf
Finished building: default.size.stdout
 
23:47:31 **** Incremental Build of configuration Debug for project IntroToUART ****
make -j20 all 
arm-none-eabi-size  IntroToUART.elf 
   text	   data	    bss	    dec	    hex	filename
   6356	     12	   1644	   8012	   1f4c	IntroToUART.elf
Finished building: default.size.stdout
 
23:47:32 **** Incremental Build of configuration Debug for project PWM_AnalogUpdate ****
make -j20 all 
arm-none-eabi-size  PWM_AnalogUpdate.elf 
   text	   data	    bss	    dec	    hex	filename
  15480	     92	   2116	  17688	   4518	PWM_AnalogUpdate.elf
Finished building: default.size.stdout
 
23:47:32 **** Incremental Build of configuration Debug for project SixChannelPWM ****
make -j20 all 
arm-none-eabi-gcc "../Core/Src/main.c" -mcpu=cortex-m3 -std=gnu11 -g3 -DDEBUG -DUSE_HAL_DRIVER -DSTM32F103xB -c -I../Core/Inc -I../Drivers/STM32F1xx_HAL_Driver/Inc -I../Drivers/STM32F1xx_HAL_Driver/Inc/Legacy -I../Drivers/CMSIS/Device/ST/STM32F1xx/Include -I../Drivers/CMSIS/Include -O0 -ffunction-sections -fdata-sections -Wall -fstack-usage -fcyclomatic-complexity -MMD -MP -MF"Core/Src/main.d" -MT"Core/Src/main.o" --specs=nano.specs -mfloat-abi=soft -mthumb -o "Core/Src/main.o"
arm-none-eabi-g++ -o "SixChannelPWM.elf" @"objects.list"   -mcpu=cortex-m3 -T"D:\Aria\STM32\SixChannelPWM\STM32F103RBTX_FLASH.ld" --specs=nosys.specs -Wl,-Map="SixChannelPWM.map" -Wl,--gc-sections -static --specs=nano.specs -mfloat-abi=soft -mthumb -Wl,--start-group -lc -lm -lstdc++ -lsupc++ -Wl,--end-group
Finished building target: SixChannelPWM.elf
 
arm-none-eabi-size  SixChannelPWM.elf 
arm-none-eabi-objdump -h -S SixChannelPWM.elf  > "SixChannelPWM.list"
   text	   data	    bss	    dec	    hex	filename
  16104	     92	   2188	  18384	   47d0	SixChannelPWM.elf
Finished building: default.size.stdout
 
Finished building: SixChannelPWM.list
 
23:48:00 **** Incremental Build of configuration Debug for project SixChannelPWM ****
make -j20 all 
arm-none-eabi-size  SixChannelPWM.elf 
   text	   data	    bss	    dec	    hex	filename
  16104	     92	   2188	  18384	   47d0	SixChannelPWM.elf
Finished building: default.size.stdout
 
23:49:05 **** Incremental Build of configuration Debug for project SixChannelPWM ****
make -j20 all 
arm-none-eabi-size  SixChannelPWM.elf 
   text	   data	    bss	    dec	    hex	filename
  16104	     92	   2188	  18384	   47d0	SixChannelPWM.elf
Finished building: default.size.stdout
 
00:15:08 **** Incremental Build of configuration Debug for project SixChannelPWM ****
make -j20 all 
arm-none-eabi-size  SixChannelPWM.elf 
   text	   data	    bss	    dec	    hex	filename
  16104	     92	   2188	  18384	   47d0	SixChannelPWM.elf
Finished building: default.size.stdout
 
00:17:38 **** Incremental Build of configuration Debug for project SixChannelPWM ****
make -j20 all 
arm-none-eabi-size  SixChannelPWM.elf 
   text	   data	    bss	    dec	    hex	filename
  16104	     92	   2188	  18384	   47d0	SixChannelPWM.elf
Finished building: default.size.stdout
 
00:23:33 **** Incremental Build of configuration Debug for project SixChannelPWM ****
make -j20 all 
arm-none-eabi-gcc "../Core/Src/main.c" -mcpu=cortex-m3 -std=gnu11 -g3 -DDEBUG -DUSE_HAL_DRIVER -DSTM32F103xB -c -I../Core/Inc -I../Drivers/STM32F1xx_HAL_Driver/Inc -I../Drivers/STM32F1xx_HAL_Driver/Inc/Legacy -I../Drivers/CMSIS/Device/ST/STM32F1xx/Include -I../Drivers/CMSIS/Include -O0 -ffunction-sections -fdata-sections -Wall -fstack-usage -fcyclomatic-complexity -MMD -MP -MF"Core/Src/main.d" -MT"Core/Src/main.o" --specs=nano.specs -mfloat-abi=soft -mthumb -o "Core/Src/main.o"
arm-none-eabi-g++ -o "SixChannelPWM.elf" @"objects.list"   -mcpu=cortex-m3 -T"D:\Aria\STM32\SixChannelPWM\STM32F103RBTX_FLASH.ld" --specs=nosys.specs -Wl,-Map="SixChannelPWM.map" -Wl,--gc-sections -static --specs=nano.specs -mfloat-abi=soft -mthumb -Wl,--start-group -lc -lm -lstdc++ -lsupc++ -Wl,--end-group
Finished building target: SixChannelPWM.elf
 
arm-none-eabi-size  SixChannelPWM.elf 
arm-none-eabi-objdump -h -S SixChannelPWM.elf  > "SixChannelPWM.list"
   text	   data	    bss	    dec	    hex	filename
  16120	     92	   2188	  18400	   47e0	SixChannelPWM.elf
Finished building: default.size.stdout
 
Finished building: SixChannelPWM.list
 
