00:23:33 **** Incremental Build of configuration Debug for project SixChannelPWM ****
make -j20 all 
arm-none-eabi-gcc "../Core/Src/main.c" -mcpu=cortex-m3 -std=gnu11 -g3 -DDEBUG -DUSE_HAL_DRIVER -DSTM32F103xB -c -I../Core/Inc -I../Drivers/STM32F1xx_HAL_Driver/Inc -I../Drivers/STM32F1xx_HAL_Driver/Inc/Legacy -I../Drivers/CMSIS/Device/ST/STM32F1xx/Include -I../Drivers/CMSIS/Include -O0 -ffunction-sections -fdata-sections -Wall -fstack-usage -fcyclomatic-complexity -MMD -MP -MF"Core/Src/main.d" -MT"Core/Src/main.o" --specs=nano.specs -mfloat-abi=soft -mthumb -o "Core/Src/main.o"
arm-none-eabi-g++ -o "SixChannelPWM.elf" @"objects.list"   -mcpu=cortex-m3 -T"D:\Aria\STM32\SixChannelPWM\STM32F103RBTX_FLASH.ld" --specs=nosys.specs -Wl,-Map="SixChannelPWM.map" -Wl,--gc-sections -static --specs=nano.specs -mfloat-abi=soft -mthumb -Wl,--start-group -lc -lm -lstdc++ -lsupc++ -Wl,--end-group
Finished building target: SixChannelPWM.elf
 
arm-none-eabi-size  SixChannelPWM.elf 
arm-none-eabi-objdump -h -S SixChannelPWM.elf  > "SixChannelPWM.list"
   text	   data	    bss	    dec	    hex	filename
  16120	     92	   2188	  18400	   47e0	SixChannelPWM.elf
Finished building: default.size.stdout
 
Finished building: SixChannelPWM.list
 

00:23:34 Build Finished. 0 errors, 0 warnings. (took 710ms)

